{"logTime": "0818/112504", "correlationVector":"Ua/phNVNE5tnezYdzbdnlk.1","action":"SyncServerConnectionManagerRequest", "result":"SYNC_SERVER_OK", "context":{"environment":"Prod_australiaeast_prod-s01-011-apac-australiaeast", "migrationStage":"NotStarted", "server":"akswtt03100000n"}}
{"logTime": "0818/112504", "correlationVector":"Ua/phNVNE5tnezYdzbdnlk.2","action":"ProcessGetUpdates", "result":"Done", "context":{"dataType":"Encryption Keys", "deleted":"0", "process_failed_to_decrypt":"0", "process_pending_decryption":"0", "process_success":"1", "total":"1"}}
{"logTime": "0818/112504", "correlationVector":"lgDcfGgJONDAJbByGsqK4j","action":"SyncServerConnectionManagerRequest", "result":"SYNC_SERVER_OK", "context":{"environment":"", "migrationStage":"", "server":""}}
{"logTime": "0818/112504", "correlationVector":"lgDcfGgJONDAJbByGsqK4j.0","action":"EncryptionKeysFetcher.DownloadKeys:", "result":"Success", "context":Key count: 10, Last key timestamp: 2026-07-23T16:24:54Z}
{"logTime": "0818/112504", "correlationVector":"lgDcfGgJONDAJbByGsqK4j.1","action":"EncryptionKeysManager::SetEncryptionKeys:", "result":"Success", "context":Key names[10]:[6nrpkY19kRWP6RXVzEA2+v4b0Sn/R0Z2mLyek1KnU9ztr5A/tFs55kAYwB2Uc0srQ4wtj2u3npm5LXEm2A/qig==][AypiUdv3NI9lh/N5Zpy6VcNbsUVcnqRuatGUKnEaY1ao1Kl2jRs7WOk1VbLZlRkcIZXKsgh/lg7HEXqYBbY8IQ==][KYpdnZ+KKc5INR0CwZiVoaRvBjl9JdBK4/lfmM7AqCvlLgayRaXc0reG0RjclsLaqocrYdRkJt1BLLHNC8qc6g==][A0DtAmTY+kPTNzUsM7HKoIRi0+PPyhDVqzKvnTav0Y0pTqZdjEIirpUX9ugwuixLmH4EDYnzYeEFCRd8C7q+MA==][ATO7DT/R7+hnfLcNxYsoZEyaTAdb0FjyUP42P95T5o+yBMZyhTloBkQjUR3vF/SdW8judm2TKWFwpsjquYpBDA==][hmxFjJ6V5kUk/+MJ05w44g7e5nU3oH7nhl/IB4pxedCE47FVwQ4W5HfKyQLokKW1XNkIJ+qCKeddo685NA/XaA==][Gzi2ZNF1hVlo9e2csWchCvIp8RbZo8oCFkxIpBrN9xvNfO5AdMkTLU3qC55AFWnt7O0FDFIL5+vfa3z7CKhRKg==][NVxvcOE/JrxfYyo8QmgpO82twHS5uCdarGM1GFuz5NxxV/FuDjQ8rN/xUF39rCwm6u7yT9PnhFE54EyVqqllyA==][UAPEGkJKuPFVJaU9pMHu0vvj1XH5E66Ky2YDhEY0JBn9qDHGbRZAg8mKeDhy46P9c9NgTGSAd8PcO0AUPNbccg==][qfgiU4TlfmZ+8RpG5aw8QM+UexFg6Jh5wevqCSZU2Cq90sio2GLK4a3fyYPiKhJzM/NnMy4k/HckyzQanYMOpA==]}
{"logTime": "0818/112504", "correlationVector":"lgDcfGgJONDAJbByGsqK4j.2","action":"EncryptionKeysManager::SetEncryptionKeysWithTimestamps:", "result":"Success", "context":Key timestamps[10]:[2022-08-13T14:41:02Z][2023-01-24T12:15:13Z][2023-04-01T05:04:33Z][2023-09-29T20:31:25Z][2023-11-23T17:51:39Z][2024-05-22T14:40:58Z][2024-12-02T18:31:07Z][2025-06-01T11:39:51Z][2025-12-04T13:54:02Z][2026-07-23T16:24:54Z]}
{"logTime": "0818/112504", "correlationVector":"Ua/phNVNE5tnezYdzbdnlk","action":"Initial GetUpdates", "result":"", "context":Reason: NEW_CLIENT. cV=Ua/phNVNE5tnezYdzbdnlk}
{"logTime": "0818/112504", "correlationVector":"Ua/phNVNE5tnezYdzbdnlk.3","action":"GetUpdates Response", "result":"Success", "context":Received 1 update(s). cV=Ua/phNVNE5tnezYdzbdnlk.0;server=akswtt03100000n;cloudType=Consumer;environment=Prod_australiaeast_prod-s01-011-apac-australiaeast;migrationStage=NotStarted}
{"logTime": "0818/112504", "correlationVector":"dxRHy4voSGC+1oRjVDuqWD","action":"Initial GetUpdates", "result":"", "context":Reason: NEWLY_SUPPORTED_DATATYPE. cV=dxRHy4voSGC+1oRjVDuqWD}
{"logTime": "0818/112504", "correlationVector":"dxRHy4voSGC+1oRjVDuqWD.1","action":"SyncServerConnectionManagerRequest", "result":"SYNC_SERVER_OK", "context":{"environment":"Prod_australiaeast_prod-s01-011-apac-australiaeast", "migrationStage":"NotStarted", "server":"akswtt03100000e"}}
{"logTime": "0818/112504", "correlationVector":"dxRHy4voSGC+1oRjVDuqWD.2","action":"ProcessGetUpdates", "result":"Done", "context":{"dataType":"Passwords", "deleted":"0", "process_failed_to_decrypt":"0", "process_pending_decryption":"0", "process_success":"5", "total":"5"}}
{"logTime": "0818/112504", "correlationVector":"dxRHy4voSGC+1oRjVDuqWD.3","action":"ProcessGetUpdates", "result":"Done", "context":{"dataType":"Device Info", "deleted":"0", "process_failed_to_decrypt":"0", "process_pending_decryption":"0", "process_success":"6", "total":"6"}}
{"logTime": "0818/112504", "correlationVector":"dxRHy4voSGC+1oRjVDuqWD.4","action":"GetUpdates Response", "result":"Success", "context":Received 11 update(s). cV=dxRHy4voSGC+1oRjVDuqWD.0;server=akswtt03100000e;cloudType=Consumer;environment=Prod_australiaeast_prod-s01-011-apac-australiaeast;migrationStage=NotStarted}
{"logTime": "0818/112504", "correlationVector":"sUD5WAyyTe0iEm2S62xOQO","action":"Initial GetUpdates", "result":"", "context":Reason: NEWLY_SUPPORTED_DATATYPE. cV=sUD5WAyyTe0iEm2S62xOQO}
{"logTime": "0818/112505", "correlationVector":"sUD5WAyyTe0iEm2S62xOQO.1","action":"SyncServerConnectionManagerRequest", "result":"SYNC_SERVER_OK", "context":{"environment":"Prod_australiaeast_prod-s01-011-apac-australiaeast", "migrationStage":"NotStarted", "server":"akswtt031000006"}}
{"logTime": "0818/112505", "correlationVector":"sUD5WAyyTe0iEm2S62xOQO.2","action":"ProcessGetUpdates", "result":"Done", "context":{"dataType":"Bookmarks", "deleted":"0", "process_failed_to_decrypt":"0", "process_pending_decryption":"0", "process_success":"6", "total":"6"}}
{"logTime": "0818/112505", "correlationVector":"sUD5WAyyTe0iEm2S62xOQO.3","action":"ProcessGetUpdates", "result":"Done", "context":{"dataType":"Preferences", "deleted":"0", "process_failed_to_decrypt":"0", "process_pending_decryption":"0", "process_success":"70", "total":"70"}}
{"logTime": "0818/112505", "correlationVector":"sUD5WAyyTe0iEm2S62xOQO.4","action":"ProcessGetUpdates", "result":"Done", "context":{"dataType":"Autofill", "deleted":"0", "process_failed_to_decrypt":"0", "process_pending_decryption":"0", "process_success":"1", "total":"1"}}
{"logTime": "0818/112505", "correlationVector":"sUD5WAyyTe0iEm2S62xOQO.5","action":"ProcessGetUpdates", "result":"Done", "context":{"dataType":"Extensions", "deleted":"0", "process_failed_to_decrypt":"0", "process_pending_decryption":"0", "process_success":"3", "total":"3"}}
{"logTime": "0818/112505", "correlationVector":"sUD5WAyyTe0iEm2S62xOQO.6","action":"ProcessGetUpdates", "result":"Done", "context":{"dataType":"Sessions", "deleted":"5", "process_failed_to_decrypt":"0", "process_pending_decryption":"0", "process_success":"5", "total":"5"}}
{"logTime": "0818/112505", "correlationVector":"sUD5WAyyTe0iEm2S62xOQO.7","action":"GetUpdates Response", "result":"Success", "context":Received 85 update(s). cV=sUD5WAyyTe0iEm2S62xOQO.0;server=akswtt031000006;cloudType=Consumer;environment=Prod_australiaeast_prod-s01-011-apac-australiaeast;migrationStage=NotStarted}
{"logTime": "0818/112505", "correlationVector":"JJVkvCkrdz06EbqAl+JM16","action":"Initial GetUpdates", "result":"", "context":Reason: NEWLY_SUPPORTED_DATATYPE. cV=JJVkvCkrdz06EbqAl+JM16}
{"logTime": "0818/112505", "correlationVector":"JJVkvCkrdz06EbqAl+JM16.1","action":"SyncServerConnectionManagerRequest", "result":"SYNC_SERVER_OK", "context":{"environment":"Prod_australiaeast_prod-s01-011-apac-australiaeast", "migrationStage":"NotStarted", "server":"akswtt03100000b"}}
{"logTime": "0818/112505", "correlationVector":"JJVkvCkrdz06EbqAl+JM16.2","action":"GetUpdates Response", "result":"Success", "context":Received 0 update(s). cV=JJVkvCkrdz06EbqAl+JM16.0;server=akswtt03100000b;cloudType=Consumer;environment=Prod_australiaeast_prod-s01-011-apac-australiaeast;migrationStage=NotStarted}
{"logTime": "0818/112505", "correlationVector":"YpTxkw52Ca31GZLJtTILk5","action":"Normal GetUpdate request", "result":"", "context":cV=YpTxkw52Ca31GZLJtTILk5
Nudged types: Sessions, Device Info, User Consents
Refresh requested types: Bookmarks, Preferences, Passwords, Autofill Profiles, Autofill, Extensions, Sessions, Extension settings, History Delete Directives, Device Info, User Consents, Send Tab To Self, Web Apps, History, Saved Tab Group, WebAuthn Credentials, Edge E Drop, Edge Hub App Usage, Edge Workspace, Encryption Keys}
{"logTime": "0818/112506", "correlationVector":"YpTxkw52Ca31GZLJtTILk5.1","action":"SyncServerConnectionManagerRequest", "result":"SYNC_SERVER_OK", "context":{"environment":"Prod_australiaeast_prod-s01-011-apac-australiaeast", "migrationStage":"NotStarted", "server":"akswtt031000002"}}
{"logTime": "0818/112506", "correlationVector":"YpTxkw52Ca31GZLJtTILk5.2","action":"GetUpdates Response", "result":"Success", "context":Received 0 update(s). cV=YpTxkw52Ca31GZLJtTILk5.0;server=akswtt031000002;cloudType=Consumer;environment=Prod_australiaeast_prod-s01-011-apac-australiaeast;migrationStage=NotStarted}
{"logTime": "0818/112506", "correlationVector":"uYcjWPR5UY/h45HsEgQjxc","action":"DoCompareDataConsistency requsted types: ", "result":"Bookmarks, Preferences, Passwords, Extensions, Extension settings, History Delete Directives, Send Tab To Self, Web Apps, History, Saved Tab Group, WebAuthn Credentials, Edge E Drop, Edge Workspace, Encryption Keys"}
{"logTime": "0818/112506", "correlationVector":"uYcjWPR5UY/h45HsEgQjxc.0","action":"CompareDataConsistency result: ", "result":"Compare result: Encryption Keys is consistent. local entities count is: 1 local entities hash is: 9yyS7gdjeKk92Z2xghN2RxAhJ3s="}
{"logTime": "0818/112506", "correlationVector":"uYcjWPR5UY/h45HsEgQjxc.1","action":"CompareDataConsistency result: ", "result":"Compare result: Bookmarks is consistent. local entities count is: 0 local entities hash is: "}
{"logTime": "0818/112506", "correlationVector":"uYcjWPR5UY/h45HsEgQjxc.2","action":"CompareDataConsistency result: ", "result":"Compare result: Preferences is consistent. local entities count is: 70 local entities hash is: iwynzcbNS38lawHgkNTap6Ot21E="}
{"logTime": "0818/112506", "correlationVector":"uYcjWPR5UY/h45HsEgQjxc.3","action":"CompareDataConsistency result: ", "result":"Compare result: Extensions is consistent. local entities count is: 3 local entities hash is: ff58v03/a8vf6oQGcagT4PBngs4="}
{"logTime": "0818/112506", "correlationVector":"uYcjWPR5UY/h45HsEgQjxc.4","action":"CompareDataConsistency result: ", "result":"Compare result: Extension settings is consistent. local entities count is: 0 local entities hash is: "}
{"logTime": "0818/112506", "correlationVector":"uYcjWPR5UY/h45HsEgQjxc.5","action":"CompareDataConsistency result: ", "result":"Compare result: History Delete Directives is consistent. local entities count is: 0 local entities hash is: "}
{"logTime": "0818/112506", "correlationVector":"uYcjWPR5UY/h45HsEgQjxc.6","action":"CompareDataConsistency result: ", "result":"Server did not send this Send Tab To Self local entities count is: 0 local entities hash is: "}
{"logTime": "0818/112506", "correlationVector":"uYcjWPR5UY/h45HsEgQjxc.7","action":"CompareDataConsistency result: ", "result":"Compare result: Web Apps is consistent. local entities count is: 0 local entities hash is: "}
{"logTime": "0818/112506", "correlationVector":"uYcjWPR5UY/h45HsEgQjxc.8","action":"CompareDataConsistency result: ", "result":"Server did not send this History local entities count is: 0 local entities hash is: "}
{"logTime": "0818/112506", "correlationVector":"uYcjWPR5UY/h45HsEgQjxc.9","action":"CompareDataConsistency result: ", "result":"Compare result: Saved Tab Group is consistent. local entities count is: 0 local entities hash is: "}
{"logTime": "0818/112506", "correlationVector":"uYcjWPR5UY/h45HsEgQjxc.10","action":"CompareDataConsistency result: ", "result":"Server did not send this WebAuthn Credentials local entities count is: 0 local entities hash is: "}
{"logTime": "0818/112506", "correlationVector":"uYcjWPR5UY/h45HsEgQjxc.11","action":"CompareDataConsistency result: ", "result":"Compare result: Edge E Drop is consistent. local entities count is: 0 local entities hash is: "}
{"logTime": "0818/112506", "correlationVector":"uYcjWPR5UY/h45HsEgQjxc.12","action":"CompareDataConsistency result: ", "result":"Server did not send this Edge Workspace local entities count is: 0 local entities hash is: "}
{"logTime": "0818/112506", "correlationVector":"uYcjWPR5UY/h45HsEgQjxc.13","action":"CompareDataConsistency result: ", "result":"Compare result: Passwords is consistent. local entities count is: 5 local entities hash is: TYYYp9NJYHCvduULOhUiCjfMW5Y="}
{"logTime": "0818/112506", "correlationVector":"xW7UleBeuFh7begWT4DPZh","action":"Commit Request", "result":"", "context":Item count: 4
Contributing types: Sessions, Device Info, User Consents}
{"logTime": "0818/112507", "correlationVector":"xW7UleBeuFh7begWT4DPZh.1","action":"SyncServerConnectionManagerRequest", "result":"SYNC_SERVER_OK", "context":{"environment":"Prod_australiaeast_prod-s01-011-apac-australiaeast", "migrationStage":"NotStarted", "server":"akswtt03100000b"}}
{"logTime": "0818/112507", "correlationVector":"xW7UleBeuFh7begWT4DPZh.2","action":"Commit Response", "result":"Success", "context":Result: Success. cV=xW7UleBeuFh7begWT4DPZh.0;server=akswtt03100000b;cloudType=Consumer;environment=Prod_australiaeast_prod-s01-011-apac-australiaeast;migrationStage=NotStarted}
{"logTime": "0818/112507", "correlationVector":"","action":"DIAGNOSTIC_REQUEST|v1/diagnosticData/Diagnostic.SendCheckResult()|SUCCESS", "result":""}
{"logTime": "0818/112559", "correlationVector":"KZBjvNPfI2PoZpv4u6cp0f","action":"Commit Request", "result":"", "context":Item count: 4
Contributing types: Passwords}
{"logTime": "0818/112600", "correlationVector":"KZBjvNPfI2PoZpv4u6cp0f.1","action":"SyncServerConnectionManagerRequest", "result":"SYNC_SERVER_OK", "context":{"environment":"Prod_australiaeast_prod-s01-011-apac-australiaeast", "migrationStage":"NotStarted", "server":"akswtt03100001t"}}
{"logTime": "0818/112600", "correlationVector":"KZBjvNPfI2PoZpv4u6cp0f.2","action":"Commit Response", "result":"Success", "context":Result: Success. cV=KZBjvNPfI2PoZpv4u6cp0f.0;server=akswtt03100001t;cloudType=Consumer;environment=Prod_australiaeast_prod-s01-011-apac-australiaeast;migrationStage=NotStarted}
