2026-08-18 11:24:59.225: [INFO] CurrentProfilePath: C:\Manual Files\Applications\YugiohCCG.github.io\tmp\website-smoke\edge-draft-cdp-1787052298323\Default
2026-08-18 11:24:59.225: [INFO] Profiles total count: 1
2026-08-18 11:24:59.225: [INFO] Profile: name=Profile 1 path=C:\Manual Files\Applications\YugiohCCG.github.io\tmp\website-smoke\edge-draft-cdp-1787052298323\Default lastActive=null
2026-08-18 11:24:59.225: [INFO] LastUsedProfileDir: C:\Manual Files\Applications\YugiohCCG.github.io\tmp\website-smoke\edge-draft-cdp-1787052298323\Default
2026-08-18 11:24:59.225: [INFO] VisibilityChanged: 0
2026-08-18 11:24:59.267: [INFO] RecordSyncInitDuration has_sync_been_enabled: 0 state: 0
2026-08-18 11:24:59.269: [INFO] RecordSyncInitDuration has_sync_been_enabled: 0 state: 0
2026-08-18 11:24:59.272: [INFO] RecordSyncInitDuration has_sync_been_enabled: 0 state: 0
2026-08-18 11:24:59.274: [INFO] RecordSyncInitDuration has_sync_been_enabled: 0 state: 0
2026-08-18 11:24:59.275: [INFO] RecordSyncInitDuration has_sync_been_enabled: 0 state: 0
2026-08-18 11:24:59.277: [INFO] RecordSyncInitDuration has_sync_been_enabled: 0 state: 0
2026-08-18 11:24:59.278: [INFO] RecordSyncInitDuration has_sync_been_enabled: 0 state: 0
2026-08-18 11:24:59.279: [INFO] RecordSyncInitDuration has_sync_been_enabled: 0 state: 0
2026-08-18 11:24:59.280: [INFO] RecordSyncInitDuration has_sync_been_enabled: 0 state: 0
2026-08-18 11:24:59.281: [INFO] RecordSyncInitDuration has_sync_been_enabled: 0 state: 0
2026-08-18 11:24:59.340: [INFO] BookmarkNodeAdded, ABU: 0
2026-08-18 11:24:59.341: [INFO] BookmarkNodeAdded, ABU: 0
2026-08-18 11:24:59.341: [INFO] BookmarkNodeAdded, ABU: 0
2026-08-18 11:24:59.341: [INFO] OnDoneLoading sync enabled: 0
2026-08-18 11:24:59.341: [INFO] BookmarkModelLoaded, ids_reassigned: 0
2026-08-18 11:24:59.341: [INFO] BookmarksLoadDropped droppedNodes=0
2026-08-18 11:24:59.341: [INFO] BookmarksSnapshot Startup total=3 bar=3 other=0 mobile=0 showBar=0 showBarNTP=1
2026-08-18 11:24:59.347: [INFO] RecordSyncInitDuration has_sync_been_enabled: 0 state: 0
2026-08-18 11:25:02.301: [INFO] RecordSyncInitDuration has_sync_been_enabled: 0 state: 0
2026-08-18 11:25:02.307: [INFO] RecordSyncInitDuration has_sync_been_enabled: 0 state: 3
2026-08-18 11:25:02.311: [INFO] Primary account changed.
2026-08-18 11:25:02.311: [INFO] OnPrimaryAccountChanged PrimaryAccountChangeEvent::Type::kSet
2026-08-18 11:25:02.320: [INFO] RecordSyncInitDuration has_sync_been_enabled: 0 state: 3
2026-08-18 11:25:02.357: [INFO] RecordSyncInitDuration has_sync_been_enabled: 0 state: 3
2026-08-18 11:25:05.478: [INFO] Sync initialization duration: 2954ms
