{"logTime": "0825/180539", "correlationVector":"TYgEG2MqMJbPf5N6g0aoVV.1","action":"SyncServerConnectionManagerRequest", "result":"SYNC_SERVER_OK", "context":{"environment":"Prod_australiaeast_prod-s01-011-apac-australiaeast", "migrationStage":"NotStarted", "server":"akswtt03100000w"}}
{"logTime": "0825/180539", "correlationVector":"TYgEG2MqMJbPf5N6g0aoVV.2","action":"ProcessGetUpdates", "result":"Done", "context":{"dataType":"Encryption Keys", "deleted":"0", "process_failed_to_decrypt":"0", "process_pending_decryption":"0", "process_success":"1", "total":"1"}}
{"logTime": "0825/180540", "correlationVector":"UmLB09z376ILN14oQtneXO","action":"SyncServerConnectionManagerRequest", "result":"SYNC_SERVER_OK", "context":{"environment":"", "migrationStage":"", "server":""}}
{"logTime": "0825/180540", "correlationVector":"UmLB09z376ILN14oQtneXO.0","action":"EncryptionKeysFetcher.DownloadKeys:", "result":"Success", "context":Key count: 10, Last key timestamp: 2026-07-23T16:24:54Z}
{"logTime": "0825/180540", "correlationVector":"UmLB09z376ILN14oQtneXO.1","action":"EncryptionKeysManager::SetEncryptionKeys:", "result":"Success", "context":Key names[10]:[6nrpkY19kRWP6RXVzEA2+v4b0Sn/R0Z2mLyek1KnU9ztr5A/tFs55kAYwB2Uc0srQ4wtj2u3npm5LXEm2A/qig==][AypiUdv3NI9lh/N5Zpy6VcNbsUVcnqRuatGUKnEaY1ao1Kl2jRs7WOk1VbLZlRkcIZXKsgh/lg7HEXqYBbY8IQ==][KYpdnZ+KKc5INR0CwZiVoaRvBjl9JdBK4/lfmM7AqCvlLgayRaXc0reG0RjclsLaqocrYdRkJt1BLLHNC8qc6g==][A0DtAmTY+kPTNzUsM7HKoIRi0+PPyhDVqzKvnTav0Y0pTqZdjEIirpUX9ugwuixLmH4EDYnzYeEFCRd8C7q+MA==][ATO7DT/R7+hnfLcNxYsoZEyaTAdb0FjyUP42P95T5o+yBMZyhTloBkQjUR3vF/SdW8judm2TKWFwpsjquYpBDA==][hmxFjJ6V5kUk/+MJ05w44g7e5nU3oH7nhl/IB4pxedCE47FVwQ4W5HfKyQLokKW1XNkIJ+qCKeddo685NA/XaA==][Gzi2ZNF1hVlo9e2csWchCvIp8RbZo8oCFkxIpBrN9xvNfO5AdMkTLU3qC55AFWnt7O0FDFIL5+vfa3z7CKhRKg==][NVxvcOE/JrxfYyo8QmgpO82twHS5uCdarGM1GFuz5NxxV/FuDjQ8rN/xUF39rCwm6u7yT9PnhFE54EyVqqllyA==][UAPEGkJKuPFVJaU9pMHu0vvj1XH5E66Ky2YDhEY0JBn9qDHGbRZAg8mKeDhy46P9c9NgTGSAd8PcO0AUPNbccg==][qfgiU4TlfmZ+8RpG5aw8QM+UexFg6Jh5wevqCSZU2Cq90sio2GLK4a3fyYPiKhJzM/NnMy4k/HckyzQanYMOpA==]}
{"logTime": "0825/180540", "correlationVector":"UmLB09z376ILN14oQtneXO.2","action":"EncryptionKeysManager::SetEncryptionKeysWithTimestamps:", "result":"Success", "context":Key timestamps[10]:[2022-08-13T14:41:02Z][2023-01-24T12:15:13Z][2023-04-01T05:04:33Z][2023-09-29T20:31:25Z][2023-11-23T17:51:39Z][2024-05-22T14:40:58Z][2024-12-02T18:31:07Z][2025-06-01T11:39:51Z][2025-12-04T13:54:02Z][2026-07-23T16:24:54Z]}
{"logTime": "0825/180540", "correlationVector":"TYgEG2MqMJbPf5N6g0aoVV","action":"Initial GetUpdates", "result":"", "context":Reason: NEW_CLIENT. cV=TYgEG2MqMJbPf5N6g0aoVV}
{"logTime": "0825/180540", "correlationVector":"TYgEG2MqMJbPf5N6g0aoVV.3","action":"GetUpdates Response", "result":"Success", "context":Received 1 update(s). cV=TYgEG2MqMJbPf5N6g0aoVV.0;server=akswtt03100000w;cloudType=Consumer;environment=Prod_australiaeast_prod-s01-011-apac-australiaeast;migrationStage=NotStarted}
{"logTime": "0825/180540", "correlationVector":"wv8S1JSbwgWtM2Qa/zsNyV","action":"Initial GetUpdates", "result":"", "context":Reason: NEWLY_SUPPORTED_DATATYPE. cV=wv8S1JSbwgWtM2Qa/zsNyV}
{"logTime": "0825/180540", "correlationVector":"wv8S1JSbwgWtM2Qa/zsNyV.1","action":"SyncServerConnectionManagerRequest", "result":"SYNC_SERVER_OK", "context":{"environment":"Prod_australiaeast_prod-s01-011-apac-australiaeast", "migrationStage":"NotStarted", "server":"akswtt03100001i"}}
{"logTime": "0825/180540", "correlationVector":"wv8S1JSbwgWtM2Qa/zsNyV.2","action":"ProcessGetUpdates", "result":"Done", "context":{"dataType":"Passwords", "deleted":"0", "process_failed_to_decrypt":"0", "process_pending_decryption":"0", "process_success":"5", "total":"5"}}
{"logTime": "0825/180540", "correlationVector":"wv8S1JSbwgWtM2Qa/zsNyV.3","action":"ProcessGetUpdates", "result":"Done", "context":{"dataType":"Device Info", "deleted":"0", "process_failed_to_decrypt":"0", "process_pending_decryption":"0", "process_success":"9", "total":"9"}}
{"logTime": "0825/180540", "correlationVector":"wv8S1JSbwgWtM2Qa/zsNyV.4","action":"GetUpdates Response", "result":"Success", "context":Received 14 update(s). cV=wv8S1JSbwgWtM2Qa/zsNyV.0;server=akswtt03100001i;cloudType=Consumer;environment=Prod_australiaeast_prod-s01-011-apac-australiaeast;migrationStage=NotStarted}
{"logTime": "0825/180540", "correlationVector":"9etNi55BtUlC0+sKObMgHc","action":"Initial GetUpdates", "result":"", "context":Reason: NEWLY_SUPPORTED_DATATYPE. cV=9etNi55BtUlC0+sKObMgHc}
{"logTime": "0825/180540", "correlationVector":"9etNi55BtUlC0+sKObMgHc.1","action":"SyncServerConnectionManagerRequest", "result":"SYNC_SERVER_OK", "context":{"environment":"Prod_australiaeast_prod-s01-011-apac-australiaeast", "migrationStage":"NotStarted", "server":"akswtt03100000y"}}
{"logTime": "0825/180540", "correlationVector":"9etNi55BtUlC0+sKObMgHc.2","action":"ProcessGetUpdates", "result":"Done", "context":{"dataType":"Bookmarks", "deleted":"0", "process_failed_to_decrypt":"0", "process_pending_decryption":"0", "process_success":"6", "total":"6"}}
{"logTime": "0825/180540", "correlationVector":"9etNi55BtUlC0+sKObMgHc.3","action":"ProcessGetUpdates", "result":"Done", "context":{"dataType":"Preferences", "deleted":"0", "process_failed_to_decrypt":"0", "process_pending_decryption":"0", "process_success":"70", "total":"70"}}
{"logTime": "0825/180540", "correlationVector":"9etNi55BtUlC0+sKObMgHc.4","action":"ProcessGetUpdates", "result":"Done", "context":{"dataType":"Autofill", "deleted":"0", "process_failed_to_decrypt":"0", "process_pending_decryption":"0", "process_success":"1", "total":"1"}}
{"logTime": "0825/180540", "correlationVector":"9etNi55BtUlC0+sKObMgHc.5","action":"ProcessGetUpdates", "result":"Done", "context":{"dataType":"Extensions", "deleted":"0", "process_failed_to_decrypt":"0", "process_pending_decryption":"0", "process_success":"3", "total":"3"}}
{"logTime": "0825/180540", "correlationVector":"9etNi55BtUlC0+sKObMgHc.6","action":"ProcessGetUpdates", "result":"Done", "context":{"dataType":"Sessions", "deleted":"5", "process_failed_to_decrypt":"0", "process_pending_decryption":"0", "process_success":"11", "total":"11"}}
{"logTime": "0825/180540", "correlationVector":"9etNi55BtUlC0+sKObMgHc.7","action":"GetUpdates Response", "result":"Success", "context":Received 91 update(s). cV=9etNi55BtUlC0+sKObMgHc.0;server=akswtt03100000y;cloudType=Consumer;environment=Prod_australiaeast_prod-s01-011-apac-australiaeast;migrationStage=NotStarted}
{"logTime": "0825/180540", "correlationVector":"T+ddqADSUGpzKsuwhSzyd0","action":"Initial GetUpdates", "result":"", "context":Reason: NEWLY_SUPPORTED_DATATYPE. cV=T+ddqADSUGpzKsuwhSzyd0}
{"logTime": "0825/180540", "correlationVector":"T+ddqADSUGpzKsuwhSzyd0.1","action":"SyncServerConnectionManagerRequest", "result":"SYNC_SERVER_OK", "context":{"environment":"Prod_australiaeast_prod-s01-011-apac-australiaeast", "migrationStage":"NotStarted", "server":"akswtt03100001x"}}
{"logTime": "0825/180540", "correlationVector":"T+ddqADSUGpzKsuwhSzyd0.2","action":"GetUpdates Response", "result":"Success", "context":Received 0 update(s). cV=T+ddqADSUGpzKsuwhSzyd0.0;server=akswtt03100001x;cloudType=Consumer;environment=Prod_australiaeast_prod-s01-011-apac-australiaeast;migrationStage=NotStarted}
{"logTime": "0825/180541", "correlationVector":"Gafd0lf+Eypyu/LJSM9IOJ","action":"Normal GetUpdate request", "result":"", "context":cV=Gafd0lf+Eypyu/LJSM9IOJ
Nudged types: Sessions, Device Info, User Consents
Refresh requested types: Bookmarks, Preferences, Passwords, Autofill Profiles, Autofill, Extensions, Sessions, Extension settings, History Delete Directives, Device Info, User Consents, Send Tab To Self, Web Apps, History, Saved Tab Group, WebAuthn Credentials, Edge E Drop, Edge Hub App Usage, Edge Workspace, Encryption Keys}
{"logTime": "0825/180541", "correlationVector":"Gafd0lf+Eypyu/LJSM9IOJ.1","action":"SyncServerConnectionManagerRequest", "result":"SYNC_SERVER_OK", "context":{"environment":"Prod_australiaeast_prod-s01-011-apac-australiaeast", "migrationStage":"NotStarted", "server":"akswtt03100000i"}}
{"logTime": "0825/180541", "correlationVector":"Gafd0lf+Eypyu/LJSM9IOJ.2","action":"GetUpdates Response", "result":"Success", "context":Received 0 update(s). cV=Gafd0lf+Eypyu/LJSM9IOJ.0;server=akswtt03100000i;cloudType=Consumer;environment=Prod_australiaeast_prod-s01-011-apac-australiaeast;migrationStage=NotStarted}
{"logTime": "0825/180541", "correlationVector":"4stebbIO6ez7AoY/Wa6JI4","action":"DoCompareDataConsistency: ", "result":"has local changes and skip compare"}
{"logTime": "0825/180541", "correlationVector":"c1VdP0bw41j2KMaQ1datbg","action":"Commit Request", "result":"", "context":Item count: 6
Contributing types: Sessions, Device Info, User Consents, History}
{"logTime": "0825/180543", "correlationVector":"c1VdP0bw41j2KMaQ1datbg.1","action":"SyncServerConnectionManagerRequest", "result":"SYNC_SERVER_OK", "context":{"environment":"Prod_australiaeast_prod-s01-011-apac-australiaeast", "migrationStage":"NotStarted", "server":"akswtt03100000u"}}
{"logTime": "0825/180543", "correlationVector":"c1VdP0bw41j2KMaQ1datbg.2","action":"Commit Response", "result":"Success", "context":Result: Success. cV=c1VdP0bw41j2KMaQ1datbg.0;server=akswtt03100000u;cloudType=Consumer;environment=Prod_australiaeast_prod-s01-011-apac-australiaeast;migrationStage=NotStarted}
{"logTime": "0825/180622", "correlationVector":"gdHKoUqpTO++9XlmQT4Enr","action":"Normal GetUpdate request", "result":"", "context":cV=gdHKoUqpTO++9XlmQT4Enr
Nudged types: Sessions, History
Notified types: Passwords, History}
{"logTime": "0825/180623", "correlationVector":"gdHKoUqpTO++9XlmQT4Enr.1","action":"SyncServerConnectionManagerRequest", "result":"SYNC_SERVER_OK", "context":{"environment":"Prod_australiaeast_prod-s01-011-apac-australiaeast", "migrationStage":"NotStarted", "server":"akswtt03100000b"}}
{"logTime": "0825/180623", "correlationVector":"gdHKoUqpTO++9XlmQT4Enr.2","action":"ProcessGetUpdates", "result":"Done", "context":{"dataType":"Passwords", "deleted":"0", "process_failed_to_decrypt":"0", "process_pending_decryption":"0", "process_success":"3", "total":"3"}}
{"logTime": "0825/180623", "correlationVector":"gdHKoUqpTO++9XlmQT4Enr.3","action":"ProcessGetUpdates", "result":"Done", "context":{"dataType":"Sessions", "deleted":"0", "process_failed_to_decrypt":"0", "process_pending_decryption":"0", "process_success":"2", "total":"2"}}
{"logTime": "0825/180623", "correlationVector":"gdHKoUqpTO++9XlmQT4Enr.4","action":"ProcessGetUpdates", "result":"Done", "context":{"dataType":"Device Info", "deleted":"0", "process_failed_to_decrypt":"0", "process_pending_decryption":"0", "process_success":"1", "total":"1"}}
{"logTime": "0825/180623", "correlationVector":"gdHKoUqpTO++9XlmQT4Enr.5","action":"ProcessGetUpdates", "result":"Done", "context":{"dataType":"History", "deleted":"0", "process_failed_to_decrypt":"0", "process_pending_decryption":"0", "process_success":"2", "total":"2"}}
{"logTime": "0825/180623", "correlationVector":"gdHKoUqpTO++9XlmQT4Enr.6","action":"GetUpdates Response", "result":"Success", "context":Received 8 update(s). cV=gdHKoUqpTO++9XlmQT4Enr.0;server=akswtt03100000b;cloudType=Consumer;environment=Prod_australiaeast_prod-s01-011-apac-australiaeast;migrationStage=NotStarted}
{"logTime": "0825/180623", "correlationVector":"jj1HoVYM6/QopWrFD0u9pU","action":"Commit Request", "result":"", "context":Item count: 2
Contributing types: Sessions, History}
{"logTime": "0825/180623", "correlationVector":"jj1HoVYM6/QopWrFD0u9pU.1","action":"SyncServerConnectionManagerRequest", "result":"SYNC_SERVER_OK", "context":{"environment":"Prod_australiaeast_prod-s01-011-apac-australiaeast", "migrationStage":"NotStarted", "server":"akswtt03100000u"}}
{"logTime": "0825/180623", "correlationVector":"jj1HoVYM6/QopWrFD0u9pU.2","action":"Commit Response", "result":"Success", "context":Result: Success. cV=jj1HoVYM6/QopWrFD0u9pU.0;server=akswtt03100000u;cloudType=Consumer;environment=Prod_australiaeast_prod-s01-011-apac-australiaeast;migrationStage=NotStarted}
{"logTime": "0825/180623", "correlationVector":"lyRciEBhnDEq7yhNwn8fa0","action":"Normal GetUpdate request", "result":"", "context":cV=lyRciEBhnDEq7yhNwn8fa0
Nudged types: Sessions, History
Notified types: Passwords, History}
{"logTime": "0825/180624", "correlationVector":"lyRciEBhnDEq7yhNwn8fa0.1","action":"SyncServerConnectionManagerRequest", "result":"SYNC_SERVER_OK", "context":{"environment":"Prod_australiaeast_prod-s01-011-apac-australiaeast", "migrationStage":"NotStarted", "server":"akswtt03100000t"}}
{"logTime": "0825/180624", "correlationVector":"lyRciEBhnDEq7yhNwn8fa0.2","action":"ProcessGetUpdates", "result":"Done", "context":{"dataType":"Sessions", "deleted":"0", "process_failed_to_decrypt":"0", "process_pending_decryption":"0", "process_success":"1", "total":"1"}}
{"logTime": "0825/180624", "correlationVector":"lyRciEBhnDEq7yhNwn8fa0.3","action":"ProcessGetUpdates", "result":"Done", "context":{"dataType":"History", "deleted":"0", "process_failed_to_decrypt":"0", "process_pending_decryption":"0", "process_success":"1", "total":"1"}}
{"logTime": "0825/180624", "correlationVector":"lyRciEBhnDEq7yhNwn8fa0.4","action":"GetUpdates Response", "result":"Success", "context":Received 2 update(s). cV=lyRciEBhnDEq7yhNwn8fa0.0;server=akswtt03100000t;cloudType=Consumer;environment=Prod_australiaeast_prod-s01-011-apac-australiaeast;migrationStage=NotStarted}
{"logTime": "0825/180624", "correlationVector":"EiXmd1jHbqOrzDLfV0HWnq","action":"Normal GetUpdate request", "result":"", "context":cV=EiXmd1jHbqOrzDLfV0HWnq
Notified types: Passwords, History}
{"logTime": "0825/180625", "correlationVector":"EiXmd1jHbqOrzDLfV0HWnq.1","action":"SyncServerConnectionManagerRequest", "result":"SYNC_SERVER_OK", "context":{"environment":"Prod_australiaeast_prod-s01-011-apac-australiaeast", "migrationStage":"NotStarted", "server":"akswtt031000007"}}
{"logTime": "0825/180625", "correlationVector":"EiXmd1jHbqOrzDLfV0HWnq.2","action":"ProcessGetUpdates", "result":"Done", "context":{"dataType":"Passwords", "deleted":"0", "process_failed_to_decrypt":"0", "process_pending_decryption":"0", "process_success":"4", "total":"4"}}
{"logTime": "0825/180625", "correlationVector":"EiXmd1jHbqOrzDLfV0HWnq.3","action":"GetUpdates Response", "result":"Success", "context":Received 4 update(s). cV=EiXmd1jHbqOrzDLfV0HWnq.0;server=akswtt031000007;cloudType=Consumer;environment=Prod_australiaeast_prod-s01-011-apac-australiaeast;migrationStage=NotStarted}
{"logTime": "0825/180625", "correlationVector":"/FZtDMkPLnzKFXb8znbUpL","action":"Normal GetUpdate request", "result":"", "context":cV=/FZtDMkPLnzKFXb8znbUpL
Notified types: Passwords, History}
{"logTime": "0825/180626", "correlationVector":"/FZtDMkPLnzKFXb8znbUpL.1","action":"SyncServerConnectionManagerRequest", "result":"SYNC_SERVER_OK", "context":{"environment":"Prod_australiaeast_prod-s01-011-apac-australiaeast", "migrationStage":"NotStarted", "server":"akswtt03100000t"}}
{"logTime": "0825/180626", "correlationVector":"/FZtDMkPLnzKFXb8znbUpL.2","action":"ProcessGetUpdates", "result":"Done", "context":{"dataType":"History", "deleted":"0", "process_failed_to_decrypt":"0", "process_pending_decryption":"0", "process_success":"1", "total":"1"}}
{"logTime": "0825/180626", "correlationVector":"/FZtDMkPLnzKFXb8znbUpL.3","action":"GetUpdates Response", "result":"Success", "context":Received 1 update(s). cV=/FZtDMkPLnzKFXb8znbUpL.0;server=akswtt03100000t;cloudType=Consumer;environment=Prod_australiaeast_prod-s01-011-apac-australiaeast;migrationStage=NotStarted}
{"logTime": "0825/180626", "correlationVector":"cmXrnf1bvdeuLUL1B5gQwm","action":"Normal GetUpdate request", "result":"", "context":cV=cmXrnf1bvdeuLUL1B5gQwm
Notified types: History}
{"logTime": "0825/180627", "correlationVector":"cmXrnf1bvdeuLUL1B5gQwm.1","action":"SyncServerConnectionManagerRequest", "result":"SYNC_SERVER_OK", "context":{"environment":"Prod_australiaeast_prod-s01-011-apac-australiaeast", "migrationStage":"NotStarted", "server":"akswtt031000007"}}
{"logTime": "0825/180627", "correlationVector":"cmXrnf1bvdeuLUL1B5gQwm.2","action":"ProcessGetUpdates", "result":"Done", "context":{"dataType":"History", "deleted":"0", "process_failed_to_decrypt":"0", "process_pending_decryption":"0", "process_success":"1", "total":"1"}}
{"logTime": "0825/180627", "correlationVector":"cmXrnf1bvdeuLUL1B5gQwm.3","action":"GetUpdates Response", "result":"Success", "context":Received 1 update(s). cV=cmXrnf1bvdeuLUL1B5gQwm.0;server=akswtt031000007;cloudType=Consumer;environment=Prod_australiaeast_prod-s01-011-apac-australiaeast;migrationStage=NotStarted}
{"logTime": "0825/180627", "correlationVector":"Qlvccr0/8lMv0kZaEqPO8R","action":"Normal GetUpdate request", "result":"", "context":cV=Qlvccr0/8lMv0kZaEqPO8R
Notified types: History}
{"logTime": "0825/180628", "correlationVector":"Qlvccr0/8lMv0kZaEqPO8R.1","action":"SyncServerConnectionManagerRequest", "result":"SYNC_SERVER_OK", "context":{"environment":"Prod_australiaeast_prod-s01-011-apac-australiaeast", "migrationStage":"NotStarted", "server":"akswtt031000007"}}
{"logTime": "0825/180628", "correlationVector":"Qlvccr0/8lMv0kZaEqPO8R.2","action":"GetUpdates Response", "result":"Success", "context":Received 0 update(s). cV=Qlvccr0/8lMv0kZaEqPO8R.0;server=akswtt031000007;cloudType=Consumer;environment=Prod_australiaeast_prod-s01-011-apac-australiaeast;migrationStage=NotStarted}
{"logTime": "0825/180638", "correlationVector":"xB12yoS+WXZXpIlpfz0EPt","action":"Commit Request", "result":"", "context":Item count: 4
Contributing types: Passwords}
{"logTime": "0825/180639", "correlationVector":"xB12yoS+WXZXpIlpfz0EPt.1","action":"SyncServerConnectionManagerRequest", "result":"SYNC_SERVER_OK", "context":{"environment":"Prod_australiaeast_prod-s01-011-apac-australiaeast", "migrationStage":"NotStarted", "server":"akswtt03100000e"}}
{"logTime": "0825/180639", "correlationVector":"xB12yoS+WXZXpIlpfz0EPt.2","action":"Commit Response", "result":"Success", "context":Result: Success. cV=xB12yoS+WXZXpIlpfz0EPt.0;server=akswtt03100000e;cloudType=Consumer;environment=Prod_australiaeast_prod-s01-011-apac-australiaeast;migrationStage=NotStarted}
